<html>
<body>
<pre>
<h1>µVision Build Log</h1>
<h2>Project:</h2>
C:\Users\student\Desktop\ppsw\Cwiczenia42.uvproj
Project File Date:  05/08/2019

<h2>Output:</h2>
Rebuild target 'Target 1'
assembling Startup.s...
compiling main.c...
compiling led.c...
compiling keyboard.c...
compiling timer.c...
compiling timer_interrupts.c...
compiling servo.c...
compiling string.c...
compiling command_decoder.c...
linking...
.\Cwiczenia42.axf: Error: L6200E: Symbol cReceivedString multiply defined (by command_decoder.o and main.o).
".\Cwiczenia42.axf" - 1 Errors, 0 Warning(s).
Target not created
Rebuild target 'Target 1'
assembling Startup.s...
compiling main.c...
compiling led.c...
compiling keyboard.c...
compiling timer.c...
compiling timer_interrupts.c...
compiling servo.c...
compiling string.c...
compiling command_decoder.c...
linking...
.\Cwiczenia42.axf: Error: L6200E: Symbol cReceivedString multiply defined (by command_decoder.o and main.o).
".\Cwiczenia42.axf" - 1 Errors, 0 Warning(s).
Target not created
Rebuild target 'Target 1'
assembling Startup.s...
compiling main.c...
compiling led.c...
compiling keyboard.c...
compiling timer.c...
compiling timer_interrupts.c...
compiling servo.c...
compiling string.c...
compiling command_decoder.c...
linking...
Program Size: Code=3416 RO-data=32 RW-data=28 ZI-data=1356  
FromELF: creating hex file...
".\Cwiczenia42.axf" - 0 Errors, 0 Warning(s).
Rebuild target 'Target 1'
assembling Startup.s...
compiling main.c...
compiling led.c...
compiling keyboard.c...
compiling timer.c...
compiling timer_interrupts.c...
compiling servo.c...
compiling string.c...
compiling command_decoder.c...
linking...
Program Size: Code=3416 RO-data=32 RW-data=28 ZI-data=1356  
FromELF: creating hex file...
".\Cwiczenia42.axf" - 0 Errors, 0 Warning(s).
Rebuild target 'Target 1'
assembling Startup.s...
compiling main.c...
compiling led.c...
compiling keyboard.c...
compiling timer.c...
compiling timer_interrupts.c...
compiling servo.c...
compiling string.c...
compiling command_decoder.c...
compiling uart.c...
linking...
Program Size: Code=3416 RO-data=32 RW-data=28 ZI-data=1356  
FromELF: creating hex file...
".\Cwiczenia42.axf" - 0 Errors, 0 Warning(s).
Rebuild target 'Target 1'
assembling Startup.s...
compiling main.c...
main.c(14): warning:  #223-D: function "UART_InitWithInt" declared implicitly
compiling led.c...
compiling keyboard.c...
compiling timer.c...
compiling timer_interrupts.c...
compiling servo.c...
compiling string.c...
compiling command_decoder.c...
compiling uart.c...
linking...
Program Size: Code=3416 RO-data=32 RW-data=28 ZI-data=1356  
FromELF: creating hex file...
".\Cwiczenia42.axf" - 0 Errors, 1 Warning(s).
Rebuild target 'Target 1'
assembling Startup.s...
compiling main.c...
compiling led.c...
compiling keyboard.c...
compiling timer.c...
compiling timer_interrupts.c...
compiling servo.c...
compiling string.c...
compiling command_decoder.c...
compiling uart.c...
linking...
Program Size: Code=3416 RO-data=32 RW-data=28 ZI-data=1356  
FromELF: creating hex file...
".\Cwiczenia42.axf" - 0 Errors, 0 Warning(s).
Rebuild target 'Target 1'
assembling Startup.s...
compiling main.c...
uart.h(12): warning:  #375-D: declaration requires a typedef name
compiling led.c...
compiling keyboard.c...
compiling timer.c...
compiling timer_interrupts.c...
compiling servo.c...
compiling string.c...
compiling command_decoder.c...
compiling uart.c...
uart.h(12): warning:  #375-D: declaration requires a typedef name
linking...
.\Cwiczenia42.axf: Error: L6200E: Symbol sTransmiterBuffer multiply defined (by uart.o and main.o).
".\Cwiczenia42.axf" - 1 Errors, 2 Warning(s).
Target not created
Rebuild target 'Target 1'
assembling Startup.s...
compiling main.c...
compiling led.c...
compiling keyboard.c...
compiling timer.c...
compiling timer_interrupts.c...
compiling servo.c...
compiling string.c...
compiling command_decoder.c...
compiling uart.c...
linking...
.\Cwiczenia42.axf: Error: L6200E: Symbol sTransmiterBuffer multiply defined (by uart.o and main.o).
".\Cwiczenia42.axf" - 1 Errors, 0 Warning(s).
Target not created
Rebuild target 'Target 1'
assembling Startup.s...
compiling main.c...
uart.h(14): error:  #101: "sTransmiterBuffer" has already been declared in the current scope
compiling led.c...
compiling keyboard.c...
compiling timer.c...
compiling timer_interrupts.c...
compiling servo.c...
compiling string.c...
compiling command_decoder.c...
compiling uart.c...
uart.h(14): error:  #101: "sTransmiterBuffer" has already been declared in the current scope
".\Cwiczenia42.axf" - 2 Errors, 0 Warning(s).
Target not created
Rebuild target 'Target 1'
assembling Startup.s...
compiling main.c...
compiling led.c...
compiling keyboard.c...
compiling timer.c...
compiling timer_interrupts.c...
compiling servo.c...
compiling string.c...
compiling command_decoder.c...
compiling uart.c...
linking...
Program Size: Code=3416 RO-data=32 RW-data=28 ZI-data=1356  
FromELF: creating hex file...
".\Cwiczenia42.axf" - 0 Errors, 0 Warning(s).
Rebuild target 'Target 1'
assembling Startup.s...
compiling main.c...
compiling led.c...
compiling keyboard.c...
compiling timer.c...
compiling timer_interrupts.c...
compiling servo.c...
compiling string.c...
compiling command_decoder.c...
compiling uart.c...
uart.c(53): warning:  #940-D: missing return statement at end of non-void function "Transmiter_GetCharacterFromBuffer"
linking...
Program Size: Code=3420 RO-data=32 RW-data=28 ZI-data=1356  
FromELF: creating hex file...
".\Cwiczenia42.axf" - 0 Errors, 1 Warning(s).
Rebuild target 'Target 1'
assembling Startup.s...
compiling main.c...
compiling led.c...
compiling keyboard.c...
compiling timer.c...
compiling timer_interrupts.c...
compiling servo.c...
compiling string.c...
compiling command_decoder.c...
compiling uart.c...
uart.c(53): error:  #134: expected a field name
uart.c(53): error:  #18: expected a ")"
uart.c(53): error:  #127: expected a statement
uart.c(53): warning:  #940-D: missing return statement at end of non-void function "Transmiter_GetCharacterFromBuffer"
".\Cwiczenia42.axf" - 3 Errors, 1 Warning(s).
Target not created
Rebuild target 'Target 1'
assembling Startup.s...
compiling main.c...
compiling led.c...
compiling keyboard.c...
compiling timer.c...
compiling timer_interrupts.c...
compiling servo.c...
compiling string.c...
compiling command_decoder.c...
compiling uart.c...
linking...
.\Cwiczenia42.axf: Error: L6200E: Symbol TransmiterBuffer multiply defined (by uart.o and main.o).
".\Cwiczenia42.axf" - 1 Errors, 0 Warning(s).
Target not created
Rebuild target 'Target 1'
assembling Startup.s...
compiling main.c...
compiling led.c...
compiling keyboard.c...
compiling timer.c...
compiling timer_interrupts.c...
compiling servo.c...
compiling string.c...
compiling command_decoder.c...
compiling uart.c...
linking...
.\Cwiczenia42.axf: Error: L6218E: Undefined symbol sTransmiterBuffer (referred from uart.o).
".\Cwiczenia42.axf" - 1 Errors, 0 Warning(s).
Target not created
Rebuild target 'Target 1'
assembling Startup.s...
compiling main.c...
compiling led.c...
compiling keyboard.c...
compiling timer.c...
compiling timer_interrupts.c...
compiling servo.c...
compiling string.c...
compiling command_decoder.c...
compiling uart.c...
linking...
Program Size: Code=2528 RO-data=32 RW-data=20 ZI-data=1332  
FromELF: creating hex file...
".\Cwiczenia42.axf" - 0 Errors, 0 Warning(s).
Rebuild target 'Target 1'
assembling Startup.s...
compiling main.c...
compiling led.c...
compiling keyboard.c...
compiling timer.c...
compiling timer_interrupts.c...
compiling servo.c...
compiling string.c...
compiling command_decoder.c...
compiling uart.c...
uart.c(91): warning:  #1-D: last line of file ends without a newline
linking...
Program Size: Code=2672 RO-data=32 RW-data=20 ZI-data=1332  
FromELF: creating hex file...
".\Cwiczenia42.axf" - 0 Errors, 1 Warning(s).
Rebuild target 'Target 1'
assembling Startup.s...
compiling main.c...
compiling led.c...
compiling keyboard.c...
compiling timer.c...
compiling timer_interrupts.c...
compiling servo.c...
compiling string.c...
compiling command_decoder.c...
compiling uart.c...
uart.c(91): warning:  #1-D: last line of file ends without a newline
linking...
Program Size: Code=2672 RO-data=32 RW-data=20 ZI-data=1332  
FromELF: creating hex file...
".\Cwiczenia42.axf" - 0 Errors, 1 Warning(s).
Rebuild target 'Target 1'
assembling Startup.s...
compiling main.c...
compiling led.c...
compiling keyboard.c...
compiling timer.c...
compiling timer_interrupts.c...
compiling servo.c...
compiling string.c...
compiling command_decoder.c...
compiling uart.c...
linking...
Program Size: Code=2672 RO-data=32 RW-data=20 ZI-data=1332  
FromELF: creating hex file...
".\Cwiczenia42.axf" - 0 Errors, 0 Warning(s).
Rebuild target 'Target 1'
assembling Startup.s...
compiling main.c...
main.c(12): error:  #130: expected a "{"
main.c(18): error:  #20: identifier "cReceivedString" is undefined
compiling led.c...
compiling keyboard.c...
compiling timer.c...
compiling timer_interrupts.c...
compiling servo.c...
compiling string.c...
compiling command_decoder.c...
compiling uart.c...
command_decoder.h(6): error:  #130: expected a "{"
command_decoder.h(7): error:  #20: identifier "cCALLIB" is undefined
command_decoder.h(7): error:  #20: identifier "cGOTO" is undefined
command_decoder.h(7): error:  #20: identifier "cERROR" is undefined
command_decoder.h(7): error:  #65: expected a ";"
command_decoder.h(7): warning:  #940-D: missing return statement at end of non-void function "Transmiter_GetStatus"
command_decoder.h(7): error:  #77-D: this declaration has no storage class or type specifier
uart.c(93): error:  #247: function "Transmiter_GetStatus" has already been defined
uart.c(95): warning:  #1-D: last line of file ends without a newline
uart.c(95): warning:  #940-D: missing return statement at end of non-void function "Transmiter_GetStatus"
".\Cwiczenia42.axf" - 9 Errors, 3 Warning(s).
Target not created
Rebuild target 'Target 1'
assembling Startup.s...
compiling main.c...
main.c(12): error:  #130: expected a "{"
main.c(18): error:  #20: identifier "cReceivedString" is undefined
compiling led.c...
compiling keyboard.c...
compiling timer.c...
compiling timer_interrupts.c...
compiling servo.c...
compiling string.c...
compiling command_decoder.c...
compiling uart.c...
command_decoder.h(6): error:  #130: expected a "{"
command_decoder.h(7): error:  #20: identifier "cCALLIB" is undefined
command_decoder.h(7): error:  #20: identifier "cGOTO" is undefined
command_decoder.h(7): error:  #20: identifier "cERROR" is undefined
command_decoder.h(7): error:  #65: expected a ";"
command_decoder.h(7): warning:  #940-D: missing return statement at end of non-void function "Transmiter_GetStatus"
command_decoder.h(7): error:  #77-D: this declaration has no storage class or type specifier
uart.c(93): error:  #247: function "Transmiter_GetStatus" has already been defined
uart.c(95): warning:  #940-D: missing return statement at end of non-void function "Transmiter_GetStatus"
".\Cwiczenia42.axf" - 9 Errors, 2 Warning(s).
Target not created
Rebuild target 'Target 1'
assembling Startup.s...
compiling main.c...
main.c(12): error:  #130: expected a "{"
main.c(18): error:  #20: identifier "cReceivedString" is undefined
compiling led.c...
compiling keyboard.c...
compiling timer.c...
compiling timer_interrupts.c...
compiling servo.c...
compiling string.c...
compiling command_decoder.c...
compiling uart.c...
command_decoder.h(6): error:  #130: expected a "{"
command_decoder.h(7): error:  #20: identifier "cCALLIB" is undefined
command_decoder.h(7): error:  #20: identifier "cGOTO" is undefined
command_decoder.h(7): error:  #20: identifier "cERROR" is undefined
command_decoder.h(7): error:  #65: expected a ";"
command_decoder.h(7): warning:  #940-D: missing return statement at end of non-void function "Transmiter_GetStatus"
command_decoder.h(7): error:  #77-D: this declaration has no storage class or type specifier
uart.c(93): error:  #247: function "Transmiter_GetStatus" has already been defined
uart.c(95): warning:  #940-D: missing return statement at end of non-void function "Transmiter_GetStatus"
".\Cwiczenia42.axf" - 9 Errors, 2 Warning(s).
Target not created
Rebuild target 'Target 1'
assembling Startup.s...
compiling main.c...
compiling led.c...
compiling keyboard.c...
compiling timer.c...
compiling timer_interrupts.c...
compiling servo.c...
compiling string.c...
compiling command_decoder.c...
compiling uart.c...
linking...
.\Cwiczenia42.axf: Error: L6200E: Symbol eTransmiterStatus multiply defined (by uart.o and main.o).
".\Cwiczenia42.axf" - 1 Errors, 0 Warning(s).
Target not created
Rebuild target 'Target 1'
assembling Startup.s...
compiling main.c...
compiling led.c...
compiling keyboard.c...
compiling timer.c...
compiling timer_interrupts.c...
compiling servo.c...
compiling string.c...
compiling command_decoder.c...
compiling uart.c...
linking...
Program Size: Code=2672 RO-data=32 RW-data=20 ZI-data=1332  
FromELF: creating hex file...
".\Cwiczenia42.axf" - 0 Errors, 0 Warning(s).
Rebuild target 'Target 1'
assembling Startup.s...
compiling main.c...
compiling led.c...
compiling keyboard.c...
compiling timer.c...
compiling timer_interrupts.c...
compiling servo.c...
compiling string.c...
compiling command_decoder.c...
compiling uart.c...
linking...
Program Size: Code=2680 RO-data=32 RW-data=20 ZI-data=1332  
FromELF: creating hex file...
".\Cwiczenia42.axf" - 0 Errors, 0 Warning(s).
Rebuild target 'Target 1'
assembling Startup.s...
compiling main.c...
compiling led.c...
compiling keyboard.c...
compiling timer.c...
compiling timer_interrupts.c...
compiling servo.c...
compiling string.c...
compiling command_decoder.c...
compiling uart.c...
linking...
Program Size: Code=2684 RO-data=32 RW-data=20 ZI-data=1332  
FromELF: creating hex file...
".\Cwiczenia42.axf" - 0 Errors, 0 Warning(s).
Rebuild target 'Target 1'
assembling Startup.s...
compiling main.c...
compiling led.c...
compiling keyboard.c...
compiling timer.c...
compiling timer_interrupts.c...
compiling servo.c...
compiling string.c...
compiling command_decoder.c...
compiling uart.c...
linking...
Program Size: Code=2720 RO-data=32 RW-data=20 ZI-data=1332  
FromELF: creating hex file...
".\Cwiczenia42.axf" - 0 Errors, 0 Warning(s).
Rebuild target 'Target 1'
assembling Startup.s...
compiling main.c...
compiling led.c...
compiling keyboard.c...
compiling timer.c...
compiling timer_interrupts.c...
compiling servo.c...
compiling string.c...
compiling command_decoder.c...
compiling uart.c...
linking...
Program Size: Code=2736 RO-data=32 RW-data=20 ZI-data=1332  
FromELF: creating hex file...
".\Cwiczenia42.axf" - 0 Errors, 0 Warning(s).
Rebuild target 'Target 1'
assembling Startup.s...
compiling main.c...
compiling led.c...
compiling keyboard.c...
compiling timer.c...
compiling timer_interrupts.c...
compiling servo.c...
compiling string.c...
compiling command_decoder.c...
compiling uart.c...
linking...
Program Size: Code=2748 RO-data=48 RW-data=16 ZI-data=1328  
FromELF: creating hex file...
".\Cwiczenia42.axf" - 0 Errors, 0 Warning(s).
Rebuild target 'Target 1'
assembling Startup.s...
compiling main.c...
compiling led.c...
compiling keyboard.c...
compiling timer.c...
compiling timer_interrupts.c...
compiling servo.c...
compiling string.c...
compiling command_decoder.c...
compiling uart.c...
linking...
Program Size: Code=2768 RO-data=48 RW-data=16 ZI-data=1328  
FromELF: creating hex file...
".\Cwiczenia42.axf" - 0 Errors, 0 Warning(s).
Rebuild target 'Target 1'
assembling Startup.s...
compiling main.c...
compiling led.c...
compiling keyboard.c...
compiling timer.c...
compiling timer_interrupts.c...
compiling servo.c...
compiling string.c...
compiling command_decoder.c...
compiling uart.c...
linking...
Program Size: Code=2768 RO-data=48 RW-data=16 ZI-data=1328  
FromELF: creating hex file...
".\Cwiczenia42.axf" - 0 Errors, 0 Warning(s).
Rebuild target 'Target 1'
assembling Startup.s...
compiling main.c...
compiling led.c...
compiling keyboard.c...
compiling timer.c...
compiling timer_interrupts.c...
compiling servo.c...
compiling string.c...
compiling command_decoder.c...
compiling uart.c...
linking...
Program Size: Code=2768 RO-data=48 RW-data=16 ZI-data=1328  
FromELF: creating hex file...
".\Cwiczenia42.axf" - 0 Errors, 0 Warning(s).
Rebuild target 'Target 1'
assembling Startup.s...
compiling main.c...
compiling led.c...
compiling keyboard.c...
compiling timer.c...
compiling timer_interrupts.c...
compiling servo.c...
compiling string.c...
compiling command_decoder.c...
compiling uart.c...
linking...
Program Size: Code=2768 RO-data=48 RW-data=16 ZI-data=1328  
FromELF: creating hex file...
".\Cwiczenia42.axf" - 0 Errors, 0 Warning(s).
